ISim log file
Running: C:\xilinx_workspace\project\top_isim_beh.exe -intstyle ise -gui -tclbatch isim.cmd -wdb C:/xilinx_workspace/project/top_isim_beh.wdb 
ISim P.20131013 (signature 0x7708f090)
WARNING: A WEBPACK license was found.
WARNING: Please use Xilinx License Configuration Manager to check out a full ISim license.
WARNING: ISim will run in Lite mode. Please refer to the ISim documentation for more information on the differences between the Lite and the Full version.
This is a Lite version of ISim.
WARNING: File "C:/xilinx_workspace/project/top.v" Line 110.  For instance top/segment/, width 16 of formal port LAST_CLEAR_TIME is not equal to width 1 of actual signal last_clear_time.
WARNING: File "C:/xilinx_workspace/project/top.v" Line 110.  For instance top/textlcd/, width 16 of formal port LAST_CLEAR_TIME is not equal to width 1 of actual signal last_clear_time.
Time resolution is 1 ps
# onerror resume
# wave add /
# run 1000 ns
Simulator is doing circuit initialization process.
Finished circuit initialization process.
# isim force add /top/KEY 11111111 -radix bin
/top/KEY: Array length and the input lengths are different

# isim force add /top/KEY 1 -radix bin
/top/KEY: Array length and the input lengths are different

# isim force add /top/KEY 111111111 -radix bin
# isim force add /top/KEY 1 -radix bin
/top/KEY: Array length and the input lengths are different

# isim force add /top/KEY 1 -radix bin
/top/KEY: Array length and the input lengths are different

# isim force add /top/KEY 111111111 -radix bin
# run all
# run all
# run all
# run all
# run all
# run all
# run all
# run all
# run 1.00us
# run all
# run 1.00us
# run 1.00us
# run 1.00us
# run 1.00us
# run 1.00us
# run 1.00us
# run 1.00us
# run 1.00us
# run 1.00us
# run 100.00us
# run 100.00us
# run 100.00us
# run 100.00us
# run 100.00us
# run 100.00us
# run 100.00us
# run 100.00us
# run 100.00us
# run 100.00us
# run 100.00us
# run 100.00us
# run 100.00us
# run 100.00us
# run 100.00us
# run 100.00us
# run 100.00us
# run all
# run 100.00us
# run 100.00us
# run 100.00us
# run 100.00us
# run 100.00us
# run 100.00us
# run 100.00us
# run 100.00us
# run 1000000.00us
# isim force add /top/LED 10000000 -radix bin
# isim force add /top/LED 10000000 -radix bin
# run 1000000.00us
# run 1000000.00us
# run 1000000.00us
# run 1000000.00us
# run 1000000.00us
# run 1000000.00us
# run 1000000.00us
# run 1000000.00us
# run 1000000.00us
# run 1000000.00us
# run 1000000.00us
# run 1000000.00us
# run 1000000.00us
# run 1000000.00us
# run 1000000.00us
# run 1000000.00us
# run 1000000.00us
# run 1000000.00us
# run 1000000.00us
# run 1000000.00us
# run 1000000.00us
# run 1000000.00us
# run 1000000.00us
# run 1000000.00us
# run 1000000.00us
# run 1000000.00us
# run 1000000.00us
# run 1000000.00us
# run 1000000.00us
# run 1000000.00us
# run 1000000.00us
# run 1000000.00us
# run 1000000.00us
# run 1000000.00us
# run 1000000.00us
# run 1000000.00us
# run 1000000.00us
# run 1000000.00us
# run 1000000.00us
# run 1000000.00us
# run 1000000.00us
# run 1000000.00us
# run 1000000.00us
# run 1000000.00us
# run 1000000.00us
# run 1000000.00us
# run 1000000.00us
# run 1000000.00us
# run 1000000.00us
# run 1000000.00us
# run 1000000.00us
# run 1000000.00us
# run 1000000.00us
# run 1000000.00us
# run 1000000.00us
# run 1000000.00us
# run 1000000.00us
# run 1000000.00us
# run 1000000.00us
# run 1000000.00us
# run 1000000.00us
# run 1000000.00us
# run 1000000.00us
# run 1000000.00us
# run 1000000.00us
# run 1000000.00us
# run 1000000.00us
# run 1000000.00us
# run 1000000.00us
# run 1000000.00us
# run 1000000.00us
# run 1000000.00us
# run 1000000.00us
# run 1000000.00us
# run 1000000.00us
# run 1000000.00us
# run 1000000.00us
# run 1000000.00us
# run 1000000.00us
# run 1.0s
# run 1.0s
# run 1.0s
# run 1.0s
# run 1.0s
# run 1.0s
# run 1.0s
# run 1.0s
# run 1.0s
# run 1.0s
# run 1.0s
# run 1.0s
# run 1.0s
# run 1.0s
# run 1.0s
# run 1.0s
# run all
# run 1.0s
# run 1.0s
# run 1.0s
# run 1.0s
