Release 14.7 - xst P.20131013 (nt64)
Copyright (c) 1995-2013 Xilinx, Inc.  All rights reserved.
--> Parameter TMPDIR set to xst/projnav.tmp


Total REAL time to Xst completion: 0.00 secs
Total CPU time to Xst completion: 0.16 secs
 
--> Parameter xsthdpdir set to xst


Total REAL time to Xst completion: 0.00 secs
Total CPU time to Xst completion: 0.16 secs
 
--> Reading design: segment.prj

TABLE OF CONTENTS
  1) Synthesis Options Summary
  2) HDL Parsing
  3) HDL Elaboration
  4) HDL Synthesis
       4.1) HDL Synthesis Report
  5) Advanced HDL Synthesis
       5.1) Advanced HDL Synthesis Report
  6) Low Level Synthesis
  7) Partition Report
  8) Design Summary
       8.1) Primitive and Black Box Usage
       8.2) Device utilization summary
       8.3) Partition Resource Summary
       8.4) Timing Report
            8.4.1) Clock Information
            8.4.2) Asynchronous Control Signals Information
            8.4.3) Timing Summary
            8.4.4) Timing Details
            8.4.5) Cross Clock Domains Report


=========================================================================
*                      Synthesis Options Summary                        *
=========================================================================
---- Source Parameters
Input File Name                    : "segment.prj"
Ignore Synthesis Constraint File   : NO

---- Target Parameters
Output File Name                   : "segment"
Output Format                      : NGC
Target Device                      : xc6slx16-2-ftg256

---- Source Options
Top Module Name                    : segment
Automatic FSM Extraction           : YES
FSM Encoding Algorithm             : Auto
Safe Implementation                : No
FSM Style                          : LUT
RAM Extraction                     : Yes
RAM Style                          : Auto
ROM Extraction                     : Yes
Shift Register Extraction          : YES
ROM Style                          : Auto
Resource Sharing                   : YES
Asynchronous To Synchronous        : NO
Shift Register Minimum Size        : 2
Use DSP Block                      : Auto
Automatic Register Balancing       : No

---- Target Options
LUT Combining                      : Auto
Reduce Control Sets                : Auto
Add IO Buffers                     : YES
Global Maximum Fanout              : 100000
Add Generic Clock Buffer(BUFG)     : 16
Register Duplication               : YES
Optimize Instantiated Primitives   : NO
Use Clock Enable                   : Auto
Use Synchronous Set                : Auto
Use Synchronous Reset              : Auto
Pack IO Registers into IOBs        : Auto
Equivalent register Removal        : YES

---- General Options
Optimization Goal                  : Speed
Optimization Effort                : 1
Power Reduction                    : NO
Keep Hierarchy                     : No
Netlist Hierarchy                  : As_Optimized
RTL Output                         : Yes
Global Optimization                : AllClockNets
Read Cores                         : YES
Write Timing Constraints           : NO
Cross Clock Analysis               : NO
Hierarchy Separator                : /
Bus Delimiter                      : <>
Case Specifier                     : Maintain
Slice Utilization Ratio            : 100
BRAM Utilization Ratio             : 100
DSP48 Utilization Ratio            : 100
Auto BRAM Packing                  : NO
Slice Utilization Ratio Delta      : 5

---- Other Options
Cores Search Directories           : {"ipcore_dir"  }

=========================================================================


=========================================================================
*                          HDL Parsing                                  *
=========================================================================
Analyzing Verilog file "C:\xilinx_workspace\project\bin2seg.v" into library work
Parsing module <bin2seg>.
Analyzing Verilog file "C:\xilinx_workspace\project\segment.v" into library work
Parsing module <segment>.

=========================================================================
*                            HDL Elaboration                            *
=========================================================================

Elaborating module <segment>.
WARNING:HDLCompiler:1127 - "C:\xilinx_workspace\project\segment.v" Line 44: Assignment to reset_flag ignored, since the identifier is never used

Elaborating module <bin2seg>.

=========================================================================
*                           HDL Synthesis                               *
=========================================================================

Synthesizing Unit <segment>.
    Related source file is "C:\xilinx_workspace\project\segment.v".
WARNING:Xst:647 - Input <BUTTON_PRESSED> is never used. This port will be preserved and left unconnected if it belongs to a top-level block or it belongs to a sub-block and the hierarchy of this sub-block is preserved.
    Found 1-bit register for signal <sec>.
    Found 1-bit register for signal <prev_game_active>.
    Found 32-bit register for signal <cnt_time0>.
    Found 16-bit register for signal <regseg>.
    Found 16-bit register for signal <LAST_CLEAR_TIME>.
    Found 16-bit register for signal <cnt64k>.
    Found 2-bit register for signal <cnt4>.
    Found 32-bit adder for signal <cnt_time0[31]_GND_1_o_add_1_OUT> created at line 62.
    Found 4-bit adder for signal <regseg[15]_GND_1_o_add_8_OUT> created at line 95.
    Found 4-bit adder for signal <regseg[11]_GND_1_o_add_10_OUT> created at line 97.
    Found 4-bit adder for signal <regseg[7]_GND_1_o_add_12_OUT> created at line 99.
    Found 4-bit adder for signal <regseg[3]_GND_1_o_add_13_OUT> created at line 101.
    Found 16-bit adder for signal <cnt64k[15]_GND_1_o_add_22_OUT> created at line 120.
    Found 2-bit adder for signal <cnt4[1]_GND_1_o_add_27_OUT> created at line 131.
    Found 4x4-bit Read Only RAM for signal <FND_COM>
    Found 32-bit comparator greater for signal <cnt_time0[31]_GND_1_o_LessThan_1_o> created at line 61
    Found 16-bit comparator greater for signal <cnt64k[15]_PWR_1_o_LessThan_22_o> created at line 119
    Found 2-bit comparator greater for signal <cnt4[1]_PWR_1_o_LessThan_27_o> created at line 130
    Summary:
	inferred   1 RAM(s).
	inferred   7 Adder/Subtractor(s).
	inferred  84 D-type flip-flop(s).
	inferred   3 Comparator(s).
	inferred  28 Multiplexer(s).
Unit <segment> synthesized.

Synthesizing Unit <bin2seg>.
    Related source file is "C:\xilinx_workspace\project\bin2seg.v".
    Found 16x8-bit Read Only RAM for signal <seg_data>
    Summary:
	inferred   1 RAM(s).
Unit <bin2seg> synthesized.

=========================================================================
HDL Synthesis Report

Macro Statistics
# RAMs                                                 : 5
 16x8-bit single-port Read Only RAM                    : 4
 4x4-bit single-port Read Only RAM                     : 1
# Adders/Subtractors                                   : 7
 16-bit adder                                          : 1
 2-bit adder                                           : 1
 32-bit adder                                          : 1
 4-bit adder                                           : 4
# Registers                                            : 7
 1-bit register                                        : 2
 16-bit register                                       : 3
 2-bit register                                        : 1
 32-bit register                                       : 1
# Comparators                                          : 3
 16-bit comparator greater                             : 1
 2-bit comparator greater                              : 1
 32-bit comparator greater                             : 1
# Multiplexers                                         : 28
 1-bit 2-to-1 multiplexer                              : 21
 16-bit 2-to-1 multiplexer                             : 4
 2-bit 2-to-1 multiplexer                              : 1
 32-bit 2-to-1 multiplexer                             : 2

=========================================================================

=========================================================================
*                       Advanced HDL Synthesis                          *
=========================================================================


Synthesizing (advanced) Unit <bin2seg>.
INFO:Xst:3218 - HDL ADVISOR - The RAM <Mram_seg_data> will be implemented on LUTs either because you have described an asynchronous read or because of currently unsupported block RAM features. If you have described an asynchronous read, making it synchronous would allow you to take advantage of available block RAM resources, for optimized device usage and improved timings. Please refer to your documentation for coding guidelines.
    -----------------------------------------------------------------------
    | ram_type           | Distributed                         |          |
    -----------------------------------------------------------------------
    | Port A                                                              |
    |     aspect ratio   | 16-word x 8-bit                     |          |
    |     weA            | connected to signal <GND>           | high     |
    |     addrA          | connected to signal <bin_data>      |          |
    |     diA            | connected to signal <GND>           |          |
    |     doA            | connected to signal <seg_data>      |          |
    -----------------------------------------------------------------------
Unit <bin2seg> synthesized (advanced).

Synthesizing (advanced) Unit <segment>.
The following registers are absorbed into counter <cnt64k>: 1 register on signal <cnt64k>.
The following registers are absorbed into counter <cnt4>: 1 register on signal <cnt4>.
INFO:Xst:3218 - HDL ADVISOR - The RAM <Mram_FND_COM> will be implemented on LUTs either because you have described an asynchronous read or because of currently unsupported block RAM features. If you have described an asynchronous read, making it synchronous would allow you to take advantage of available block RAM resources, for optimized device usage and improved timings. Please refer to your documentation for coding guidelines.
    -----------------------------------------------------------------------
    | ram_type           | Distributed                         |          |
    -----------------------------------------------------------------------
    | Port A                                                              |
    |     aspect ratio   | 4-word x 4-bit                      |          |
    |     weA            | connected to signal <GND>           | high     |
    |     addrA          | connected to signal <cnt4>          |          |
    |     diA            | connected to signal <GND>           |          |
    |     doA            | connected to signal <FND_COM>       |          |
    -----------------------------------------------------------------------
Unit <segment> synthesized (advanced).

=========================================================================
Advanced HDL Synthesis Report

Macro Statistics
# RAMs                                                 : 5
 16x8-bit single-port distributed Read Only RAM        : 4
 4x4-bit single-port distributed Read Only RAM         : 1
# Adders/Subtractors                                   : 5
 32-bit adder                                          : 1
 4-bit adder                                           : 4
# Counters                                             : 2
 16-bit up counter                                     : 1
 2-bit up counter                                      : 1
# Registers                                            : 66
 Flip-Flops                                            : 66
# Comparators                                          : 3
 16-bit comparator greater                             : 1
 2-bit comparator greater                              : 1
 32-bit comparator greater                             : 1
# Multiplexers                                         : 26
 1-bit 2-to-1 multiplexer                              : 21
 16-bit 2-to-1 multiplexer                             : 3
 32-bit 2-to-1 multiplexer                             : 2

=========================================================================

=========================================================================
*                         Low Level Synthesis                           *
=========================================================================

Optimizing unit <segment> ...
WARNING:Xst:1710 - FF/Latch <cnt_time0_25> (without init value) has a constant value of 0 in block <segment>. This FF/Latch will be trimmed during the optimization process.
WARNING:Xst:1895 - Due to other FF/Latch trimming, FF/Latch <cnt_time0_26> (without init value) has a constant value of 0 in block <segment>. This FF/Latch will be trimmed during the optimization process.
WARNING:Xst:1895 - Due to other FF/Latch trimming, FF/Latch <cnt_time0_27> (without init value) has a constant value of 0 in block <segment>. This FF/Latch will be trimmed during the optimization process.
WARNING:Xst:1895 - Due to other FF/Latch trimming, FF/Latch <cnt_time0_28> (without init value) has a constant value of 0 in block <segment>. This FF/Latch will be trimmed during the optimization process.
WARNING:Xst:1895 - Due to other FF/Latch trimming, FF/Latch <cnt_time0_29> (without init value) has a constant value of 0 in block <segment>. This FF/Latch will be trimmed during the optimization process.
WARNING:Xst:1895 - Due to other FF/Latch trimming, FF/Latch <cnt_time0_30> (without init value) has a constant value of 0 in block <segment>. This FF/Latch will be trimmed during the optimization process.
WARNING:Xst:1895 - Due to other FF/Latch trimming, FF/Latch <cnt_time0_31> (without init value) has a constant value of 0 in block <segment>. This FF/Latch will be trimmed during the optimization process.

Mapping all equations...
Building and optimizing final netlist ...
Found area constraint ratio of 100 (+ 5) on block segment, actual ratio is 2.

Final Macro Processing ...

=========================================================================
Final Register Report

Macro Statistics
# Registers                                            : 77
 Flip-Flops                                            : 77

=========================================================================

=========================================================================
*                           Partition Report                            *
=========================================================================

Partition Implementation Status
-------------------------------

  No Partitions were found in this design.

-------------------------------

=========================================================================
*                            Design Summary                             *
=========================================================================

Top Level Output File Name         : segment.ngc

Primitive and Black Box Usage:
------------------------------
# BELS                             : 245
#      GND                         : 1
#      INV                         : 1
#      LUT1                        : 24
#      LUT2                        : 7
#      LUT3                        : 5
#      LUT4                        : 12
#      LUT5                        : 44
#      LUT6                        : 59
#      MUXCY                       : 46
#      MUXF7                       : 4
#      VCC                         : 1
#      XORCY                       : 41
# FlipFlops/Latches                : 77
#      FDC                         : 43
#      FDCE                        : 34
# Clock Buffers                    : 1
#      BUFGP                       : 1
# IO Buffers                       : 32
#      IBUF                        : 4
#      OBUF                        : 28

Device utilization summary:
---------------------------

Selected Device : 6slx16ftg256-2 


Slice Logic Utilization: 
 Number of Slice Registers:              77  out of  18224     0%  
 Number of Slice LUTs:                  152  out of   9112     1%  
    Number used as Logic:               152  out of   9112     1%  

Slice Logic Distribution: 
 Number of LUT Flip Flop pairs used:    165
   Number with an unused Flip Flop:      88  out of    165    53%  
   Number with an unused LUT:            13  out of    165     7%  
   Number of fully used LUT-FF pairs:    64  out of    165    38%  
   Number of unique control sets:         4

IO Utilization: 
 Number of IOs:                          34
 Number of bonded IOBs:                  33  out of    186    17%  

Specific Feature Utilization:
 Number of BUFG/BUFGCTRLs:                1  out of     16     6%  

---------------------------
Partition Resource Summary:
---------------------------

  No Partitions were found in this design.

---------------------------


=========================================================================
Timing Report

NOTE: THESE TIMING NUMBERS ARE ONLY A SYNTHESIS ESTIMATE.
      FOR ACCURATE TIMING INFORMATION PLEASE REFER TO THE TRACE REPORT
      GENERATED AFTER PLACE-and-ROUTE.

Clock Information:
------------------
-----------------------------------+------------------------+-------+
Clock Signal                       | Clock buffer(FF name)  | Load  |
-----------------------------------+------------------------+-------+
CLK                                | BUFGP                  | 77    |
-----------------------------------+------------------------+-------+

Asynchronous Control Signals Information:
----------------------------------------
No asynchronous control signals found in this design

Timing Summary:
---------------
Speed Grade: -2

   Minimum period: 4.752ns (Maximum Frequency: 210.438MHz)
   Minimum input arrival time before clock: 5.562ns
   Maximum output required time after clock: 8.611ns
   Maximum combinational path delay: No path found

Timing Details:
---------------
All values displayed in nanoseconds (ns)

=========================================================================
Timing constraint: Default period analysis for Clock 'CLK'
  Clock period: 4.752ns (frequency: 210.438MHz)
  Total number of paths / destination ports: 4240 / 94
-------------------------------------------------------------------------
Delay:               4.752ns (Levels of Logic = 4)
  Source:            cnt64k_5 (FF)
  Destination:       cnt64k_15 (FF)
  Source Clock:      CLK rising
  Destination Clock: CLK rising

  Data Path: cnt64k_5 to cnt64k_15
                                Gate     Net
    Cell:in->out      fanout   Delay   Delay  Logical Name (Net Name)
    ----------------------------------------  ------------
     FDC:C->Q              3   0.525   1.221  cnt64k_5 (cnt64k_5)
     LUT6:I0->O           18   0.254   1.343  cnt64k[15]_PWR_1_o_LessThan_22_o_inv12 (cnt64k[15]_PWR_1_o_LessThan_22_o_inv11)
     LUT6:I4->O            1   0.250   0.682  cnt64k[15]_PWR_1_o_LessThan_22_o_inv13 (cnt64k[15]_PWR_1_o_LessThan_22_o_inv)
     LUT3:I2->O            0   0.254   0.000  Mcount_cnt64k_lut<15> (Mcount_cnt64k_lut<15>)
     XORCY:LI->O           1   0.149   0.000  Mcount_cnt64k_xor<15> (Mcount_cnt64k15)
     FDC:D                     0.074          cnt64k_15
    ----------------------------------------
    Total                      4.752ns (1.506ns logic, 3.246ns route)
                                       (31.7% logic, 68.3% route)

=========================================================================
Timing constraint: Default OFFSET IN BEFORE for Clock 'CLK'
  Total number of paths / destination ports: 236 / 152
-------------------------------------------------------------------------
Offset:              5.562ns (Levels of Logic = 2)
  Source:            RESET (PAD)
  Destination:       regseg_0 (FF)
  Destination Clock: CLK rising

  Data Path: RESET to regseg_0
                                Gate     Net
    Cell:in->out      fanout   Delay   Delay  Logical Name (Net Name)
    ----------------------------------------  ------------
     IBUF:I->O           104   1.328   2.497  RESET_IBUF (RESET_IBUF)
     LUT5:I1->O           16   0.254   1.181  _n0123_inv1 (_n0123_inv)
     FDCE:CE                   0.302          regseg_0
    ----------------------------------------
    Total                      5.562ns (1.884ns logic, 3.678ns route)
                                       (33.9% logic, 66.1% route)

=========================================================================
Timing constraint: Default OFFSET OUT AFTER for Clock 'CLK'
  Total number of paths / destination ports: 220 / 27
-------------------------------------------------------------------------
Offset:              8.611ns (Levels of Logic = 4)
  Source:            cnt4_1 (FF)
  Destination:       FND_DATA<4> (PAD)
  Source Clock:      CLK rising

  Data Path: cnt4_1 to FND_DATA<4>
                                Gate     Net
    Cell:in->out      fanout   Delay   Delay  Logical Name (Net Name)
    ----------------------------------------  ------------
     FDCE:C->Q            22   0.525   1.789  cnt4_1 (cnt4_1)
     LUT6:I0->O            1   0.254   0.790  FND_DATA<7>2 (FND_DATA<7>2)
     LUT5:I3->O            2   0.250   1.156  FND_DATA<7>5 (FND_DATA_7_OBUF)
     LUT5:I0->O            1   0.254   0.681  FND_DATA<4>5 (FND_DATA_4_OBUF)
     OBUF:I->O                 2.912          FND_DATA_4_OBUF (FND_DATA<4>)
    ----------------------------------------
    Total                      8.611ns (4.195ns logic, 4.416ns route)
                                       (48.7% logic, 51.3% route)

=========================================================================

Cross Clock Domains Report:
--------------------------

Clock to Setup on destination clock CLK
---------------+---------+---------+---------+---------+
               | Src:Rise| Src:Fall| Src:Rise| Src:Fall|
Source Clock   |Dest:Rise|Dest:Rise|Dest:Fall|Dest:Fall|
---------------+---------+---------+---------+---------+
CLK            |    4.752|         |         |         |
---------------+---------+---------+---------+---------+

=========================================================================


Total REAL time to Xst completion: 5.00 secs
Total CPU time to Xst completion: 5.76 secs
 
--> 

Total memory usage is 4486876 kilobytes

Number of errors   :    0 (   0 filtered)
Number of warnings :    9 (   0 filtered)
Number of infos    :    2 (   0 filtered)

