--------------------------------------------------------------------------------
Release 14.7 Trace  (nt64)
Copyright (c) 1995-2013 Xilinx, Inc.  All rights reserved.

C:\Xilinx\14.7\ISE_DS\ISE\bin\nt64\unwrapped\trce.exe -intstyle ise -v 3 -s 2
-n 3 -fastpaths -xml top.twx top.ncd -o top.twr top.pcf -ucf top.ucf

Design file:              top.ncd
Physical constraint file: top.pcf
Device,package,speed:     xc6slx16,ftg256,C,-2 (PRODUCTION 1.23 2013-10-13)
Report level:             verbose report

Environment Variable      Effect 
--------------------      ------ 
NONE                      No environment variables were set
--------------------------------------------------------------------------------

INFO:Timing:2698 - No timing constraints found, doing default enumeration.
INFO:Timing:3412 - To improve timing, see the Timing Closure User Guide (UG612).
INFO:Timing:2752 - To get complete path coverage, use the unconstrained paths 
   option. All paths that are not constrained will be reported in the 
   unconstrained paths section(s) of the report.
INFO:Timing:3339 - The clock-to-out numbers in this timing report are based on 
   a 50 Ohm transmission line loading model.  For the details of this model, 
   and for more information on accounting for different loading conditions, 
   please see the device datasheet.



Data Sheet report:
-----------------
All values displayed in nanoseconds (ns)

Setup/Hold to clock clock_12MHz
------------+------------+------------+------------+------------+------------------+--------+
            |Max Setup to|  Process   |Max Hold to |  Process   |                  | Clock  |
Source      | clk (edge) |   Corner   | clk (edge) |   Corner   |Internal Clock(s) | Phase  |
------------+------------+------------+------------+------------+------------------+--------+
KEY<0>      |   10.724(R)|      SLOW  |   -3.335(R)|      FAST  |clock_24MHz       |   0.000|
KEY<1>      |   10.185(R)|      SLOW  |   -3.113(R)|      FAST  |clock_24MHz       |   0.000|
KEY<2>      |   10.659(R)|      SLOW  |   -3.304(R)|      FAST  |clock_24MHz       |   0.000|
KEY<3>      |   10.310(R)|      SLOW  |   -3.178(R)|      FAST  |clock_24MHz       |   0.000|
KEY<4>      |   10.218(R)|      SLOW  |   -3.003(R)|      FAST  |clock_24MHz       |   0.000|
KEY<5>      |   10.100(R)|      SLOW  |   -3.026(R)|      FAST  |clock_24MHz       |   0.000|
KEY<6>      |   10.666(R)|      SLOW  |   -3.231(R)|      FAST  |clock_24MHz       |   0.000|
KEY<7>      |    7.682(R)|      SLOW  |   -3.252(R)|      FAST  |clock_24MHz       |   0.000|
KEY<8>      |   10.585(R)|      SLOW  |   -3.278(R)|      FAST  |clock_24MHz       |   0.000|
RESET       |   16.522(R)|      SLOW  |   -2.256(R)|      FAST  |clock_24MHz       |   0.000|
------------+------------+------------+------------+------------+------------------+--------+

Clock clock_12MHz to Pad
------------+-----------------+------------+-----------------+------------+------------------+--------+
            |Max (slowest) clk|  Process   |Min (fastest) clk|  Process   |                  | Clock  |
Destination |  (edge) to PAD  |   Corner   |  (edge) to PAD  |   Corner   |Internal Clock(s) | Phase  |
------------+-----------------+------------+-----------------+------------+------------------+--------+
BUZZER      |         3.930(R)|      SLOW  |         1.978(R)|      FAST  |clock_24MHz       |   0.000|
FND_COM<0>  |         7.535(R)|      SLOW  |         4.020(R)|      FAST  |clock_24MHz       |   0.000|
FND_COM<1>  |         7.393(R)|      SLOW  |         3.361(R)|      FAST  |clock_24MHz       |   0.000|
FND_COM<2>  |         7.576(R)|      SLOW  |         3.514(R)|      FAST  |clock_24MHz       |   0.000|
FND_COM<3>  |         7.369(R)|      SLOW  |         3.847(R)|      FAST  |clock_24MHz       |   0.000|
FND_DATA<1> |         7.102(R)|      SLOW  |         2.531(R)|      FAST  |clock_24MHz       |   0.000|
FND_DATA<2> |         8.486(R)|      SLOW  |         2.554(R)|      FAST  |clock_24MHz       |   0.000|
FND_DATA<3> |         7.274(R)|      SLOW  |         2.559(R)|      FAST  |clock_24MHz       |   0.000|
FND_DATA<4> |         7.701(R)|      SLOW  |         2.629(R)|      FAST  |clock_24MHz       |   0.000|
FND_DATA<5> |         8.926(R)|      SLOW  |         2.788(R)|      FAST  |clock_24MHz       |   0.000|
FND_DATA<6> |         7.493(R)|      SLOW  |         2.887(R)|      FAST  |clock_24MHz       |   0.000|
FND_DATA<7> |         8.417(R)|      SLOW  |         2.921(R)|      FAST  |clock_24MHz       |   0.000|
LCD_DATA<0> |         3.779(R)|      SLOW  |         1.898(R)|      FAST  |clock_24MHz       |   0.000|
LCD_DATA<1> |         3.860(R)|      SLOW  |         1.908(R)|      FAST  |clock_24MHz       |   0.000|
LCD_DATA<2> |         3.860(R)|      SLOW  |         1.908(R)|      FAST  |clock_24MHz       |   0.000|
LCD_DATA<3> |         3.727(R)|      SLOW  |         1.861(R)|      FAST  |clock_24MHz       |   0.000|
LCD_DATA<4> |         4.149(R)|      SLOW  |         2.145(R)|      FAST  |clock_24MHz       |   0.000|
LCD_DATA<5> |         3.918(R)|      SLOW  |         1.951(R)|      FAST  |clock_24MHz       |   0.000|
LCD_DATA<6> |         3.918(R)|      SLOW  |         1.951(R)|      FAST  |clock_24MHz       |   0.000|
LCD_DATA<7> |         3.785(R)|      SLOW  |         1.904(R)|      FAST  |clock_24MHz       |   0.000|
LCD_EN      |         4.625(R)|      SLOW  |         2.400(R)|      FAST  |clock_24MHz       |   0.000|
LCD_RS      |         3.999(R)|      SLOW  |         2.002(R)|      FAST  |clock_24MHz       |   0.000|
LED<0>      |         5.638(R)|      SLOW  |         2.868(R)|      FAST  |clock_24MHz       |   0.000|
LED<1>      |         5.910(R)|      SLOW  |         3.085(R)|      FAST  |clock_24MHz       |   0.000|
LED<2>      |         5.492(R)|      SLOW  |         2.849(R)|      FAST  |clock_24MHz       |   0.000|
LED<3>      |         6.028(R)|      SLOW  |         3.108(R)|      FAST  |clock_24MHz       |   0.000|
LED<4>      |         5.873(R)|      SLOW  |         3.061(R)|      FAST  |clock_24MHz       |   0.000|
LED<5>      |         5.532(R)|      SLOW  |         2.885(R)|      FAST  |clock_24MHz       |   0.000|
LED<6>      |         5.350(R)|      SLOW  |         2.785(R)|      FAST  |clock_24MHz       |   0.000|
LED<7>      |         5.789(R)|      SLOW  |         3.008(R)|      FAST  |clock_24MHz       |   0.000|
MOTOR_OUT<0>|         4.368(R)|      SLOW  |         2.220(R)|      FAST  |clock_24MHz       |   0.000|
MOTOR_OUT<1>|         4.463(R)|      SLOW  |         2.282(R)|      FAST  |clock_24MHz       |   0.000|
MOTOR_OUT<2>|         4.567(R)|      SLOW  |         2.328(R)|      FAST  |clock_24MHz       |   0.000|
MOTOR_OUT<3>|         4.772(R)|      SLOW  |         2.431(R)|      FAST  |clock_24MHz       |   0.000|
------------+-----------------+------------+-----------------+------------+------------------+--------+

Clock to Setup on destination clock clock_12MHz
---------------+---------+---------+---------+---------+
               | Src:Rise| Src:Fall| Src:Rise| Src:Fall|
Source Clock   |Dest:Rise|Dest:Rise|Dest:Fall|Dest:Fall|
---------------+---------+---------+---------+---------+
clock_12MHz    |    7.218|         |         |         |
---------------+---------+---------+---------+---------+

Pad to Pad
---------------+---------------+---------+
Source Pad     |Destination Pad|  Delay  |
---------------+---------------+---------+
Mode_Switch    |LED<0>         |   12.665|
Mode_Switch    |LED<1>         |   12.908|
Mode_Switch    |LED<2>         |   13.091|
Mode_Switch    |LED<3>         |   13.159|
Mode_Switch    |LED<4>         |   13.696|
Mode_Switch    |LED<5>         |   13.627|
Mode_Switch    |LED<6>         |   13.428|
Mode_Switch    |LED<7>         |   13.638|
---------------+---------------+---------+


Analysis completed Thu Dec 19 11:41:15 2024 
--------------------------------------------------------------------------------

Trace Settings:
-------------------------
Trace Settings 

Peak Memory Usage: 4575 MB



